Archive member included to satisfy reference by file (symbol)

.\CortexM3\ARM_GCC_541\Debug\DS ADC to UART.a(millis_interrupt.o)
                              .\CortexM3\ARM_GCC_541\Debug\main.o (millis_interrupt_StartEx)
.\CortexM3\ARM_GCC_541\Debug\DS ADC to UART.a(CyLib.o)
                              .\CortexM3\ARM_GCC_541\Debug\Cm3Start.o (CyHalt)
.\CortexM3\ARM_GCC_541\Debug\DS ADC to UART.a(cyPm.o)
                              .\CortexM3\ARM_GCC_541\Debug\DS ADC to UART.a(CyLib.o) (CyPmReadStatus)
.\CortexM3\ARM_GCC_541\Debug\DS ADC to UART.a(adc.o)
                              .\CortexM3\ARM_GCC_541\Debug\main.o (adc_Start)
.\CortexM3\ARM_GCC_541\Debug\DS ADC to UART.a(adc_INT.o)
                              .\CortexM3\ARM_GCC_541\Debug\DS ADC to UART.a(adc.o) (adc_ISR1)
.\CortexM3\ARM_GCC_541\Debug\DS ADC to UART.a(UART.o)
                              .\CortexM3\ARM_GCC_541\Debug\main.o (UART_Start)
.\CortexM3\ARM_GCC_541\Debug\DS ADC to UART.a(adc_Ext_CP_Clk.o)
                              .\CortexM3\ARM_GCC_541\Debug\DS ADC to UART.a(adc.o) (adc_Ext_CP_Clk_SetModeRegister)
.\CortexM3\ARM_GCC_541\Debug\DS ADC to UART.a(adc_theACLK.o)
                              .\CortexM3\ARM_GCC_541\Debug\DS ADC to UART.a(adc.o) (adc_theACLK_SetModeRegister)
.\CortexM3\ARM_GCC_541\Debug\DS ADC to UART.a(UART_IntClock.o)
                              .\CortexM3\ARM_GCC_541\Debug\DS ADC to UART.a(UART.o) (UART_IntClock_Start)
.\CortexM3\ARM_GCC_541\Debug\DS ADC to UART.a(CyBootAsmGnu.o)
                              .\CortexM3\ARM_GCC_541\Debug\cyfitter_cfg.o (CyDelayCycles)
.\CortexM3\ARM_GCC_541\Debug\DS ADC to UART.a(CyFlash.o)
                              .\CortexM3\ARM_GCC_541\Debug\DS ADC to UART.a(cyPm.o) (CyFlash_SetWaitCycles)
.\CortexM3\ARM_GCC_541\Debug\DS ADC to UART.a(CySpc.o)
                              .\CortexM3\ARM_GCC_541\Debug\DS ADC to UART.a(CyFlash.o) (CySpcStart)
c:/program files (x86)/cypress/psoc creator/4.1/psoc creator/import/gnu/arm/5.4.1/bin/../lib/gcc/arm-none-eabi/5.4.1/armv7-m\libgcc.a(_arm_addsubdf3.o)
                              .\CortexM3\ARM_GCC_541\Debug\DS ADC to UART.a(adc.o) (__aeabi_f2d)
c:/program files (x86)/cypress/psoc creator/4.1/psoc creator/import/gnu/arm/5.4.1/bin/../lib/gcc/arm-none-eabi/5.4.1/armv7-m\libgcc.a(_arm_cmpdf2.o)
                              .\CortexM3\ARM_GCC_541\Debug\DS ADC to UART.a(adc.o) (__aeabi_dcmpgt)
c:/program files (x86)/cypress/psoc creator/4.1/psoc creator/import/gnu/arm/5.4.1/bin/../lib/gcc/arm-none-eabi/5.4.1/armv7-m\libgcc.a(_arm_addsubsf3.o)
                              .\CortexM3\ARM_GCC_541\Debug\DS ADC to UART.a(adc.o) (__aeabi_ui2f)
c:/program files (x86)/cypress/psoc creator/4.1/psoc creator/import/gnu/arm/5.4.1/bin/../lib/gcc/arm-none-eabi/5.4.1/armv7-m\libgcc.a(_arm_muldivsf3.o)
                              .\CortexM3\ARM_GCC_541\Debug\DS ADC to UART.a(adc.o) (__aeabi_fmul)
c:/program files (x86)/cypress/psoc creator/4.1/psoc creator/import/gnu/arm/5.4.1/bin/../lib/gcc/arm-none-eabi/5.4.1/armv7-m\libgcc.a(_arm_fixunssfsi.o)
                              .\CortexM3\ARM_GCC_541\Debug\DS ADC to UART.a(adc.o) (__aeabi_f2uiz)
c:/program files (x86)/cypress/psoc creator/4.1/psoc creator/import/gnu/arm/5.4.1/bin/../lib/gcc/arm-none-eabi/5.4.1/../../../../arm-none-eabi/lib/armv7-m\libg_nano.a(lib_a-errno.o)
                              .\CortexM3\ARM_GCC_541\Debug\Cm3Start.o (__errno)
c:/program files (x86)/cypress/psoc creator/4.1/psoc creator/import/gnu/arm/5.4.1/bin/../lib/gcc/arm-none-eabi/5.4.1/../../../../arm-none-eabi/lib/armv7-m\libg_nano.a(lib_a-exit.o)
                              c:/program files (x86)/cypress/psoc creator/4.1/psoc creator/import/gnu/arm/5.4.1/bin/../lib/gcc/arm-none-eabi/5.4.1/../../../../arm-none-eabi/lib/armv7-m/crt0.o (exit)
c:/program files (x86)/cypress/psoc creator/4.1/psoc creator/import/gnu/arm/5.4.1/bin/../lib/gcc/arm-none-eabi/5.4.1/../../../../arm-none-eabi/lib/armv7-m\libg_nano.a(lib_a-impure.o)
                              c:/program files (x86)/cypress/psoc creator/4.1/psoc creator/import/gnu/arm/5.4.1/bin/../lib/gcc/arm-none-eabi/5.4.1/../../../../arm-none-eabi/lib/armv7-m\libg_nano.a(lib_a-exit.o) (_global_impure_ptr)
c:/program files (x86)/cypress/psoc creator/4.1/psoc creator/import/gnu/arm/5.4.1/bin/../lib/gcc/arm-none-eabi/5.4.1/../../../../arm-none-eabi/lib/armv7-m\libg_nano.a(lib_a-init.o)
                              c:/program files (x86)/cypress/psoc creator/4.1/psoc creator/import/gnu/arm/5.4.1/bin/../lib/gcc/arm-none-eabi/5.4.1/../../../../arm-none-eabi/lib/armv7-m/crt0.o (__libc_init_array)
c:/program files (x86)/cypress/psoc creator/4.1/psoc creator/import/gnu/arm/5.4.1/bin/../lib/gcc/arm-none-eabi/5.4.1/../../../../arm-none-eabi/lib/armv7-m\libg_nano.a(lib_a-memcpy-stub.o)
                              .\CortexM3\ARM_GCC_541\Debug\cyfitter_cfg.o (memcpy)
[...]
Memory Configuration

Name             Origin             Length             Attributes
rom              0x00000000         0x00040000         xr
ram              0x1fff8000         0x00010000         xrw
*default*        0x00000000         0xffffffff

Linker script and memory map

LOAD c:/program files (x86)/cypress/psoc creator/4.1/psoc creator/import/gnu/arm/5.4.1/bin/../lib/gcc/arm-none-eabi/5.4.1/armv7-m/crti.o
LOAD c:/program files (x86)/cypress/psoc creator/4.1/psoc creator/import/gnu/arm/5.4.1/bin/../lib/gcc/arm-none-eabi/5.4.1/armv7-m/crtbegin.o
LOAD c:/program files (x86)/cypress/psoc creator/4.1/psoc creator/import/gnu/arm/5.4.1/bin/../lib/gcc/arm-none-eabi/5.4.1/../../../../arm-none-eabi/lib/armv7-m/crt0.o
START GROUP
LOAD .\CortexM3\ARM_GCC_541\Debug\main.o
LOAD .\CortexM3\ARM_GCC_541\Debug\cyfitter_cfg.o
LOAD .\CortexM3\ARM_GCC_541\Debug\cymetadata.o
LOAD .\CortexM3\ARM_GCC_541\Debug\Cm3Start.o
LOAD .\CortexM3\ARM_GCC_541\Debug\DS ADC to UART.a
LOAD C:\Program Files (x86)\Cypress\PSoC Creator\4.1\PSoC Creator\psoc\content\cycomponentlibrary\CyComponentLibrary.cylib\CortexM3\ARM_GCC_541\Debug\CyComponentLibrary.a
END GROUP
START GROUP
LOAD c:/program files (x86)/cypress/psoc creator/4.1/psoc creator/import/gnu/arm/5.4.1/bin/../lib/gcc/arm-none-eabi/5.4.1/armv7-m\libgcc.a
LOAD c:/program files (x86)/cypress/psoc creator/4.1/psoc creator/import/gnu/arm/5.4.1/bin/../lib/gcc/arm-none-eabi/5.4.1/../../../../arm-none-eabi/lib/armv7-m\libg_nano.a
LOAD c:/program files (x86)/cypress/psoc creator/4.1/psoc creator/import/gnu/arm/5.4.1/bin/../lib/gcc/arm-none-eabi/5.4.1/../../../../arm-none-eabi/lib/armv7-m\libc_nano.a
END GROUP
START GROUP
LOAD c:/program files (x86)/cypress/psoc creator/4.1/psoc creator/import/gnu/arm/5.4.1/bin/../lib/gcc/arm-none-eabi/5.4.1/armv7-m\libgcc.a
LOAD c:/program files (x86)/cypress/psoc creator/4.1/psoc creator/import/gnu/arm/5.4.1/bin/../lib/gcc/arm-none-eabi/5.4.1/../../../../arm-none-eabi/lib/armv7-m\libc_nano.a
END GROUP
LOAD c:/program files (x86)/cypress/psoc creator/4.1/psoc creator/import/gnu/arm/5.4.1/bin/../lib/gcc/arm-none-eabi/5.4.1/armv7-m/crtend.o
LOAD c:/program files (x86)/cypress/psoc creator/4.1/psoc creator/import/gnu/arm/5.4.1/bin/../lib/gcc/arm-none-eabi/5.4.1/armv7-m/crtn.o
START GROUP
LOAD c:/program files (x86)/cypress/psoc creator/4.1/psoc creator/import/gnu/arm/5.4.1/bin/../lib/gcc/arm-none-eabi/5.4.1/armv7-m\libgcc.a
LOAD c:/program files (x86)/cypress/psoc creator/4.1/psoc creator/import/gnu/arm/5.4.1/bin/../lib/gcc/arm-none-eabi/5.4.1/../../../../arm-none-eabi/lib/armv7-m\libc.a
LOAD c:/program files (x86)/cypress/psoc creator/4.1/psoc creator/import/gnu/arm/5.4.1/bin/../lib/gcc/arm-none-eabi/5.4.1/../../../../arm-none-eabi/lib/armv7-m\libnosys.a
END GROUP
                0x00000000                CY_APPL_ORIGIN = 0x0
                0x00000100                CY_FLASH_ROW_SIZE = 0x100
                0x00000020                CY_ECC_ROW_SIZE = 0x20
                0x00000000                CY_EE_IN_BTLDR = 0x0
                0x00000000                CY_APPL_LOADABLE = 0x0
                0x00000800                CY_EE_SIZE = 0x800
                0x00000001                CY_APPL_NUM = 0x1
                0x00000001                CY_APPL_MAX = 0x1
                0x00000040                CY_METADATA_SIZE = 0x40
                0x00000000                CY_APPL_LOADABLE = 0x0
                0x00000000                CY_CHECKSUM_EXCLUDE_SIZE = ALIGN (0x0, CY_FLASH_ROW_SIZE)
                [!provide]                PROVIDE (__cy_heap_start, _end)
                0x00000001                PROVIDE (__cy_region_num, ((__cy_regions_end - __cy_regions) / 0x10))
                0x20008000                PROVIDE (__cy_stack, (ORIGIN (ram) + LENGTH (ram)))
                [!provide]                PROVIDE (__cy_heap_end, (__cy_stack - 0x800))

.cybootloader   0x00000000        0x0
 *(.cybootloader)
                0x00000000                appl1_start = CY_APPL_ORIGIN?CY_APPL_ORIGIN:ALIGN (CY_FLASH_ROW_SIZE)
                0x0001ff00                appl2_start = (appl1_start + ALIGN ((((LENGTH (rom) - appl1_start) - (0x2 * CY_FLASH_ROW_SIZE)) / 0x2), CY_FLASH_ROW_SIZE))
                0x00000000                appl_start = (CY_APPL_NUM == 0x1)?appl1_start:appl2_start
                0x00000000                ecc_offset = ((appl_start / CY_FLASH_ROW_SIZE) * CY_ECC_ROW_SIZE)
                0x00000000                ee_offset = (CY_APPL_LOADABLE && ! (CY_EE_IN_BTLDR))?((CY_EE_SIZE / CY_APPL_MAX) * (CY_APPL_NUM - 0x1)):0x0
                0x00000800                ee_size = (CY_APPL_LOADABLE && ! (CY_EE_IN_BTLDR))?(CY_EE_SIZE / CY_APPL_MAX):CY_EE_SIZE
                [!provide]                PROVIDE (CY_ECC_OFFSET, ecc_offset)

.text           0x00000000     0x15e4
 CREATE_OBJECT_SYMBOLS
                0x00000000                PROVIDE (__cy_interrupt_vector, RomVectors)
 *(.romvectors)
 .romvectors    0x00000000       0x10 .\CortexM3\ARM_GCC_541\Debug\Cm3Start.o
                0x00000000                RomVectors
                0x00000001                ASSERT ((. != __cy_interrupt_vector), No interrupt vector)
                0x00000001                ASSERT (CY_APPL_ORIGIN?(SIZEOF (.cybootloader) <= CY_APPL_ORIGIN):0x1, Wrong image location)
                0x00000010                PROVIDE (__cy_reset, Reset)
 *(.text.Reset)
 .text.Reset    0x00000010       0x18 .\CortexM3\ARM_GCC_541\Debug\Cm3Start.o
                0x00000010                Reset
                0x00000001                ASSERT ((. != __cy_reset), No reset code)
 *(.dma_init)
                0x00000001                ASSERT ((((appl_start + .) <= 0x10000) || 0x1), DMA Init must be within the first 64k of flash)
 *(.text .text.* .gnu.linkonce.t.*)
 .text          0x00000028       0x5c c:/program files (x86)/cypress/psoc creator/4.1/psoc creator/import/gnu/arm/5.4.1/bin/../lib/gcc/arm-none-eabi/5.4.1/armv7-m/crtbegin.o
 .text.millis_isr
                0x00000084       0x14 .\CortexM3\ARM_GCC_541\Debug\main.o
                0x00000084                millis_isr
 .text.millis   0x00000098        0xc .\CortexM3\ARM_GCC_541\Debug\main.o
                0x00000098                millis
 .text.main     0x000000a4       0x70 .\CortexM3\ARM_GCC_541\Debug\main.o
                0x000000a4                main
 .text.CyClockStartupError
                0x00000114        0x4 .\CortexM3\ARM_GCC_541\Debug\cyfitter_cfg.o
 .text.cfg_write_bytes32
                0x00000118       0x34 .\CortexM3\ARM_GCC_541\Debug\cyfitter_cfg.o
 .text.AnalogSetDefault
                0x0000014c       0x50 .\CortexM3\ARM_GCC_541\Debug\cyfitter_cfg.o
 .text.CYMEMZERO
                0x0000019c        0xc .\CortexM3\ARM_GCC_541\Debug\cyfitter_cfg.o
 .text.CYCONFIGCPY
                0x000001a8        0x8 .\CortexM3\ARM_GCC_541\Debug\cyfitter_cfg.o
 .text.ClockSetup
                0x000001b0       0xfc .\CortexM3\ARM_GCC_541\Debug\cyfitter_cfg.o
 .text.cyfitter_cfg
                0x000002ac      0x118 .\CortexM3\ARM_GCC_541\Debug\cyfitter_cfg.o
                0x000002ac                cyfitter_cfg
 .text.IntDefaultHandler
                0x000003c4       0x10 .\CortexM3\ARM_GCC_541\Debug\Cm3Start.o
                0x000003c4                IntDefaultHandler
 .text._sbrk    0x000003d4       0x30 .\CortexM3\ARM_GCC_541\Debug\Cm3Start.o
                0x000003d4                _sbrk
 .text.Start_c  0x00000404       0x4c .\CortexM3\ARM_GCC_541\Debug\Cm3Start.o
                0x00000404                Start_c
 .text.initialize_psoc
                0x00000450       0x68 .\CortexM3\ARM_GCC_541\Debug\Cm3Start.o
                0x00000450                initialize_psoc
 .text.millis_interrupt_SetVector
                0x000004b8        0xc .\CortexM3\ARM_GCC_541\Debug\DS ADC to UART.a(millis_interrupt.o)
                0x000004b8                millis_interrupt_SetVector
 .text.millis_interrupt_SetPriority
                0x000004c4       0x10 .\CortexM3\ARM_GCC_541\Debug\DS ADC to UART.a(millis_interrupt.o)
                0x000004c4                millis_interrupt_SetPriority
 .text.millis_interrupt_Enable
                0x000004d4        0xc .\CortexM3\ARM_GCC_541\Debug\DS ADC to UART.a(millis_interrupt.o)
                0x000004d4                millis_interrupt_Enable
 .text.millis_interrupt_Disable
                0x000004e0        0xc .\CortexM3\ARM_GCC_541\Debug\DS ADC to UART.a(millis_interrupt.o)
                0x000004e0                millis_interrupt_Disable
 .text.millis_interrupt_StartEx
                0x000004ec       0x1c .\CortexM3\ARM_GCC_541\Debug\DS ADC to UART.a(millis_interrupt.o)
                0x000004ec                millis_interrupt_StartEx
 .text.millis_interrupt_ClearPending
                0x00000508        0xc .\CortexM3\ARM_GCC_541\Debug\DS ADC to UART.a(millis_interrupt.o)
                0x00000508                millis_interrupt_ClearPending
 .text.CyHalt   0x00000514        0x4 .\CortexM3\ARM_GCC_541\Debug\DS ADC to UART.a(CyLib.o)
                0x00000514                CyHalt
 .text.CyDelayUs
                0x00000518       0x14 .\CortexM3\ARM_GCC_541\Debug\DS ADC to UART.a(CyLib.o)
                0x00000518                CyDelayUs
 .text.CyIntSetVector
                0x0000052c       0x28 .\CortexM3\ARM_GCC_541\Debug\DS ADC to UART.a(CyLib.o)
                0x0000052c                CyIntSetVector
 .text.CyIntSetPriority
                0x00000554       0x30 .\CortexM3\ARM_GCC_541\Debug\DS ADC to UART.a(CyLib.o)
                0x00000554                CyIntSetPriority
 .text.adc_GainCompensation
                0x00000584       0xdc .\CortexM3\ARM_GCC_541\Debug\DS ADC to UART.a(adc.o)
 .text.adc_SetDSMRef0Reg
                0x00000660       0x4c .\CortexM3\ARM_GCC_541\Debug\DS ADC to UART.a(adc.o)
 .text.adc_InitConfig
                0x000006ac       0xdc .\CortexM3\ARM_GCC_541\Debug\DS ADC to UART.a(adc.o)
 .text.adc_Init
                0x00000788       0xc4 .\CortexM3\ARM_GCC_541\Debug\DS ADC to UART.a(adc.o)
                0x00000788                adc_Init
 .text.adc_Enable
                0x0000084c       0xd8 .\CortexM3\ARM_GCC_541\Debug\DS ADC to UART.a(adc.o)
                0x0000084c                adc_Enable
 .text.adc_Start
                0x00000924       0x28 .\CortexM3\ARM_GCC_541\Debug\DS ADC to UART.a(adc.o)
                0x00000924                adc_Start
 .text.adc_StartConvert
                0x0000094c       0x10 .\CortexM3\ARM_GCC_541\Debug\DS ADC to UART.a(adc.o)
                0x0000094c                adc_StartConvert
 .text.adc_IsEndConversion
                0x0000095c       0x30 .\CortexM3\ARM_GCC_541\Debug\DS ADC to UART.a(adc.o)
                0x0000095c                adc_IsEndConversion
 .text.adc_GetResult32
                0x0000098c       0x6c .\CortexM3\ARM_GCC_541\Debug\DS ADC to UART.a(adc.o)
                0x0000098c                adc_GetResult32
 .text.adc_ISR1
                0x000009f8        0x4 .\CortexM3\ARM_GCC_541\Debug\DS ADC to UART.a(adc_INT.o)
                0x000009f8                adc_ISR1
 .text.UART_Init
                0x000009fc       0x28 .\CortexM3\ARM_GCC_541\Debug\DS ADC to UART.a(UART.o)
                0x000009fc                UART_Init
 .text.UART_Enable
                0x00000a24       0x38 .\CortexM3\ARM_GCC_541\Debug\DS ADC to UART.a(UART.o)
                0x00000a24                UART_Enable
 .text.UART_Start
                0x00000a5c       0x1c .\CortexM3\ARM_GCC_541\Debug\DS ADC to UART.a(UART.o)
                0x00000a5c                UART_Start
 .text.UART_PutChar
                0x00000a78       0x18 .\CortexM3\ARM_GCC_541\Debug\DS ADC to UART.a(UART.o)
                0x00000a78                UART_PutChar
 .text.UART_PutString
                0x00000a90       0x24 .\CortexM3\ARM_GCC_541\Debug\DS ADC to UART.a(UART.o)
                0x00000a90                UART_PutString
 .text.adc_Ext_CP_Clk_GetDividerRegister
                0x00000ab4        0xc .\CortexM3\ARM_GCC_541\Debug\DS ADC to UART.a(adc_Ext_CP_Clk.o)
                0x00000ab4                adc_Ext_CP_Clk_GetDividerRegister
 .text.adc_Ext_CP_Clk_SetModeRegister
                0x00000ac0       0x14 .\CortexM3\ARM_GCC_541\Debug\DS ADC to UART.a(adc_Ext_CP_Clk.o)
                0x00000ac0                adc_Ext_CP_Clk_SetModeRegister
 .text.adc_Ext_CP_Clk_GetSourceRegister
                0x00000ad4       0x10 .\CortexM3\ARM_GCC_541\Debug\DS ADC to UART.a(adc_Ext_CP_Clk.o)
                0x00000ad4                adc_Ext_CP_Clk_GetSourceRegister
 .text.adc_Ext_CP_Clk_SetDividerRegister
                0x00000ae4       0xd8 .\CortexM3\ARM_GCC_541\Debug\DS ADC to UART.a(adc_Ext_CP_Clk.o)
                0x00000ae4                adc_Ext_CP_Clk_SetDividerRegister
 .text.adc_theACLK_GetDividerRegister
                0x00000bbc        0xc .\CortexM3\ARM_GCC_541\Debug\DS ADC to UART.a(adc_theACLK.o)
                0x00000bbc                adc_theACLK_GetDividerRegister
 .text.adc_theACLK_SetModeRegister
                0x00000bc8       0x14 .\CortexM3\ARM_GCC_541\Debug\DS ADC to UART.a(adc_theACLK.o)
                0x00000bc8                adc_theACLK_SetModeRegister
 .text.adc_theACLK_GetSourceRegister
                0x00000bdc       0x10 .\CortexM3\ARM_GCC_541\Debug\DS ADC to UART.a(adc_theACLK.o)
                0x00000bdc                adc_theACLK_GetSourceRegister
 .text.adc_theACLK_SetDividerRegister
                0x00000bec       0xd8 .\CortexM3\ARM_GCC_541\Debug\DS ADC to UART.a(adc_theACLK.o)
                0x00000bec                adc_theACLK_SetDividerRegister
 .text.UART_IntClock_Start
                0x00000cc4       0x1c .\CortexM3\ARM_GCC_541\Debug\DS ADC to UART.a(UART_IntClock.o)
                0x00000cc4                UART_IntClock_Start
 .text          0x00000ce0       0x20 .\CortexM3\ARM_GCC_541\Debug\DS ADC to UART.a(CyBootAsmGnu.o)
                0x00000ce0                CyDelayCycles
                0x00000cf0                CyEnterCriticalSection
                0x00000cf8                CyExitCriticalSection
 .text.__errno  0x00000d00        0xc c:/program files (x86)/cypress/psoc creator/4.1/psoc creator/import/gnu/arm/5.4.1/bin/../lib/gcc/arm-none-eabi/5.4.1/../../../../arm-none-eabi/lib/armv7-m\libg_nano.a(lib_a-errno.o)
                0x00000d00                __errno
 .text.__libc_init_array
                0x00000d0c       0x4c c:/program files (x86)/cypress/psoc creator/4.1/psoc creator/import/gnu/arm/5.4.1/bin/../lib/gcc/arm-none-eabi/5.4.1/../../../../arm-none-eabi/lib/armv7-m\libg_nano.a(lib_a-init.o)
                0x00000d0c                __libc_init_array
 .text.memcpy   0x00000d58       0x16 c:/program files (x86)/cypress/psoc creator/4.1/psoc creator/import/gnu/arm/5.4.1/bin/../lib/gcc/arm-none-eabi/5.4.1/../../../../arm-none-eabi/lib/armv7-m\libg_nano.a(lib_a-memcpy-stub.o)
                0x00000d58                memcpy
 .text.memset   0x00000d6e       0x10 c:/program files (x86)/cypress/psoc creator/4.1/psoc creator/import/gnu/arm/5.4.1/bin/../lib/gcc/arm-none-eabi/5.4.1/../../../../arm-none-eabi/lib/armv7-m\libg_nano.a(lib_a-memset.o)
                0x00000d6e                memset
 *fill*         0x00000d7e        0x2 
 .text.snprintf
                0x00000d80       0x64 c:/program files (x86)/cypress/psoc creator/4.1/psoc creator/import/gnu/arm/5.4.1/bin/../lib/gcc/arm-none-eabi/5.4.1/../../../../arm-none-eabi/lib/armv7-m\libg_nano.a(lib_a-snprintf.o)
                0x00000d80                sniprintf
                0x00000d80                snprintf
 .text.__ssputs_r
                0x00000de4       0xb2 c:/program files (x86)/cypress/psoc creator/4.1/psoc creator/import/gnu/arm/5.4.1/bin/../lib/gcc/arm-none-eabi/5.4.1/../../../../arm-none-eabi/lib/armv7-m\libg_nano.a(lib_a-nano-svfprintf.o)
                0x00000de4                __ssputs_r
 *fill*         0x00000e96        0x2 
 .text._svfprintf_r
                0x00000e98      0x1e8 c:/program files (x86)/cypress/psoc creator/4.1/psoc creator/import/gnu/arm/5.4.1/bin/../lib/gcc/arm-none-eabi/5.4.1/../../../../arm-none-eabi/lib/armv7-m\libg_nano.a(lib_a-nano-svfprintf.o)
                0x00000e98                _svfiprintf_r
                0x00000e98                _svfprintf_r
 .text._printf_common
                0x00001080       0xec c:/program files (x86)/cypress/psoc creator/4.1/psoc creator/import/gnu/arm/5.4.1/bin/../lib/gcc/arm-none-eabi/5.4.1/../../../../arm-none-eabi/lib/armv7-m\libg_nano.a(lib_a-nano-vfprintf_i.o)
                0x00001080                _printf_common
 .text._printf_i
                0x0000116c      0x24c c:/program files (x86)/cypress/psoc creator/4.1/psoc creator/import/gnu/arm/5.4.1/bin/../lib/gcc/arm-none-eabi/5.4.1/../../../../arm-none-eabi/lib/armv7-m\libg_nano.a(lib_a-nano-vfprintf_i.o)
                0x0000116c                _printf_i
 .text.memchr   0x000013b8       0x1c c:/program files (x86)/cypress/psoc creator/4.1/psoc creator/import/gnu/arm/5.4.1/bin/../lib/gcc/arm-none-eabi/5.4.1/../../../../arm-none-eabi/lib/armv7-m\libg_nano.a(lib_a-memchr-stub.o)
                0x000013b8                memchr
 .text.memmove  0x000013d4       0x36 c:/program files (x86)/cypress/psoc creator/4.1/psoc creator/import/gnu/arm/5.4.1/bin/../lib/gcc/arm-none-eabi/5.4.1/../../../../arm-none-eabi/lib/armv7-m\libg_nano.a(lib_a-memmove.o)
                0x000013d4                memmove
 *fill*         0x0000140a        0x2 
 .text._free_r  0x0000140c       0x98 c:/program files (x86)/cypress/psoc creator/4.1/psoc creator/import/gnu/arm/5.4.1/bin/../lib/gcc/arm-none-eabi/5.4.1/../../../../arm-none-eabi/lib/armv7-m\libg_nano.a(lib_a-nano-freer.o)
                0x0000140c                _free_r
 .text._malloc_r
                0x000014a4       0xbc c:/program files (x86)/cypress/psoc creator/4.1/psoc creator/import/gnu/arm/5.4.1/bin/../lib/gcc/arm-none-eabi/5.4.1/../../../../arm-none-eabi/lib/armv7-m\libg_nano.a(lib_a-nano-mallocr.o)
                0x000014a4                _malloc_r
 .text._realloc_r
                0x00001560       0x4c c:/program files (x86)/cypress/psoc creator/4.1/psoc creator/import/gnu/arm/5.4.1/bin/../lib/gcc/arm-none-eabi/5.4.1/../../../../arm-none-eabi/lib/armv7-m\libg_nano.a(lib_a-nano-reallocr.o)
                0x00001560                _realloc_r
 .text._sbrk_r  0x000015ac       0x20 c:/program files (x86)/cypress/psoc creator/4.1/psoc creator/import/gnu/arm/5.4.1/bin/../lib/gcc/arm-none-eabi/5.4.1/../../../../arm-none-eabi/lib/armv7-m\libg_nano.a(lib_a-sbrkr.o)
                0x000015ac                _sbrk_r
 .text.__malloc_lock
                0x000015cc        0x2 c:/program files (x86)/cypress/psoc creator/4.1/psoc creator/import/gnu/arm/5.4.1/bin/../lib/gcc/arm-none-eabi/5.4.1/../../../../arm-none-eabi/lib/armv7-m\libg_nano.a(lib_a-mlock.o)
                0x000015cc                __malloc_lock
 .text.__malloc_unlock
                0x000015ce        0x2 c:/program files (x86)/cypress/psoc creator/4.1/psoc creator/import/gnu/arm/5.4.1/bin/../lib/gcc/arm-none-eabi/5.4.1/../../../../arm-none-eabi/lib/armv7-m\libg_nano.a(lib_a-mlock.o)
                0x000015ce                __malloc_unlock
 .text._malloc_usable_size_r
                0x000015d0       0x14 c:/program files (x86)/cypress/psoc creator/4.1/psoc creator/import/gnu/arm/5.4.1/bin/../lib/gcc/arm-none-eabi/5.4.1/../../../../arm-none-eabi/lib/armv7-m\libg_nano.a(lib_a-nano-msizer.o)
                0x000015d0                _malloc_usable_size_r
 *(.plt)
 *(.gnu.warning)
 *(.glue_7t)
 .glue_7t       0x000015e4        0x0 linker stubs
 *(.glue_7)
 .glue_7        0x000015e4        0x0 linker stubs
 *(.vfp11_veneer)
 .vfp11_veneer  0x000015e4        0x0 linker stubs
 *(.bootloader)
 *(.ARM.extab* .gnu.linkonce.armextab.*)
 *(.gcc_except_table)

.v4_bx          0x000015e4        0x0
 .v4_bx         0x000015e4        0x0 linker stubs

.iplt           0x000015e4        0x0
 .iplt          0x000015e4        0x0 c:/program files (x86)/cypress/psoc creator/4.1/psoc creator/import/gnu/arm/5.4.1/bin/../lib/gcc/arm-none-eabi/5.4.1/armv7-m/crtbegin.o

.eh_frame_hdr
 *(.eh_frame_hdr)

.eh_frame       0x000015e4        0x4
 *(.eh_frame)
 .eh_frame      0x000015e4        0x0 c:/program files (x86)/cypress/psoc creator/4.1/psoc creator/import/gnu/arm/5.4.1/bin/../lib/gcc/arm-none-eabi/5.4.1/armv7-m/crtbegin.o
 .eh_frame      0x000015e4        0x4 c:/program files (x86)/cypress/psoc creator/4.1/psoc creator/import/gnu/arm/5.4.1/bin/../lib/gcc/arm-none-eabi/5.4.1/armv7-m/crtend.o
                [!provide]                PROVIDE (__exidx_start, .)

.ARM.exidx
 *(.ARM.exidx* .gnu.linkonce.armexidx.*)
                0x000015e8                __exidx_end = .

.rodata         0x000015e8       0xc0
 *(.rodata .rodata.* .gnu.linkonce.r.*)
 .rodata.str1.4
                0x000015e8        0xc .\CortexM3\ARM_GCC_541\Debug\main.o
                                  0x9 (size before relaxing)
 .rodata        0x000015f4       0x44 .\CortexM3\ARM_GCC_541\Debug\cyfitter_cfg.o
 .rodata.str1.1
                0x00001638        0x2 c:/program files (x86)/cypress/psoc creator/4.1/psoc creator/import/gnu/arm/5.4.1/bin/../lib/gcc/arm-none-eabi/5.4.1/../../../../arm-none-eabi/lib/armv7-m\libg_nano.a(lib_a-impure.o)
 .rodata.str1.1
                0x0000163a       0x11 c:/program files (x86)/cypress/psoc creator/4.1/psoc creator/import/gnu/arm/5.4.1/bin/../lib/gcc/arm-none-eabi/5.4.1/../../../../arm-none-eabi/lib/armv7-m\libg_nano.a(lib_a-nano-svfprintf.o)
 .rodata.str1.1
                0x0000164b       0x22 c:/program files (x86)/cypress/psoc creator/4.1/psoc creator/import/gnu/arm/5.4.1/bin/../lib/gcc/arm-none-eabi/5.4.1/../../../../arm-none-eabi/lib/armv7-m\libg_nano.a(lib_a-nano-vfprintf_i.o)
                0x00001670                . = ALIGN (0x4)
 *fill*         0x0000166d        0x3 
 *(.init)
 .init          0x00001670        0x4 c:/program files (x86)/cypress/psoc creator/4.1/psoc creator/import/gnu/arm/5.4.1/bin/../lib/gcc/arm-none-eabi/5.4.1/armv7-m/crti.o
                0x00001670                _init
 .init          0x00001674        0x8 c:/program files (x86)/cypress/psoc creator/4.1/psoc creator/import/gnu/arm/5.4.1/bin/../lib/gcc/arm-none-eabi/5.4.1/armv7-m/crtn.o
                0x0000167c                . = ALIGN (0x4)
                0x0000167c                __preinit_array_start = .
 *(.preinit_array)
                0x0000167c                __preinit_array_end = .
                0x0000167c                . = ALIGN (0x4)
                0x0000167c                __init_array_start = .
 *(SORT(.init_array.*))
 *(.init_array)
 .init_array    0x0000167c        0x4 c:/program files (x86)/cypress/psoc creator/4.1/psoc creator/import/gnu/arm/5.4.1/bin/../lib/gcc/arm-none-eabi/5.4.1/armv7-m/crtbegin.o
 .init_array    0x00001680        0x4 .\CortexM3\ARM_GCC_541\Debug\Cm3Start.o
                0x00001684                __init_array_end = .
                0x00001684                . = ALIGN (0x4)
 *(.fini)
 .fini          0x00001684        0x4 c:/program files (x86)/cypress/psoc creator/4.1/psoc creator/import/gnu/arm/5.4.1/bin/../lib/gcc/arm-none-eabi/5.4.1/armv7-m/crti.o
                0x00001684                _fini
 .fini          0x00001688        0x8 c:/program files (x86)/cypress/psoc creator/4.1/psoc creator/import/gnu/arm/5.4.1/bin/../lib/gcc/arm-none-eabi/5.4.1/armv7-m/crtn.o
                0x00001690                . = ALIGN (0x4)
                0x00001690                __fini_array_start = .
 *(.fini_array)
 .fini_array    0x00001690        0x4 c:/program files (x86)/cypress/psoc creator/4.1/psoc creator/import/gnu/arm/5.4.1/bin/../lib/gcc/arm-none-eabi/5.4.1/armv7-m/crtbegin.o
 *(SORT(.fini_array.*))
                0x00001694                __fini_array_end = .
                0x00001694                . = ALIGN (0x4)
 *crtbegin.o(.ctors)
 *(EXCLUDE_FILE(*crtend.o) .ctors)
 *(SORT(.ctors.*))
 *crtend.o(.ctors)
                0x00001694                . = ALIGN (0x4)
 *crtbegin.o(.dtors)
 *(EXCLUDE_FILE(*crtend.o) .dtors)
 *(SORT(.dtors.*))
 *crtend.o(.dtors)
                0x00001694                . = ALIGN (0x4)
                0x00001694                __cy_regions = .
                0x00001694        0x4 LONG 0x16a8 __cy_region_init_ram
                0x00001698        0x4 LONG 0x1fff80c8 __cy_region_start_data
                0x0000169c        0x4 LONG 0x80 __cy_region_init_size_ram
                0x000016a0        0x4 LONG 0x40 __cy_region_zero_size_ram
                0x000016a4                __cy_regions_end = .
                0x000016a8                . = ALIGN (0x8)
 *fill*         0x000016a4        0x4 
                0x000016a8                _etext = .

.cy_checksum_exclude
                0x000016a8        0x0
 *(.cy_checksum_exclude)

.ramvectors     0x1fff8000       0xc0
                0x1fff8000                __cy_region_start_ram = .
 *(.ramvectors)
 .ramvectors    0x1fff8000       0xc0 .\CortexM3\ARM_GCC_541\Debug\Cm3Start.o
                0x1fff8000                CyRamVectors

.noinit         0x1fff80c0        0x1
 *(.noinit)
 .noinit        0x1fff80c0        0x1 .\CortexM3\ARM_GCC_541\Debug\DS ADC to UART.a(CyLib.o)
                0x1fff80c0                CyResetStatus

.data           0x1fff80c8       0x80 load address 0x000016a8
                0x1fff80c8                __cy_region_start_data = .
 *(.jcr)
 .jcr           0x1fff80c8        0x0 c:/program files (x86)/cypress/psoc creator/4.1/psoc creator/import/gnu/arm/5.4.1/bin/../lib/gcc/arm-none-eabi/5.4.1/armv7-m/crtbegin.o
 .jcr           0x1fff80c8        0x4 c:/program files (x86)/cypress/psoc creator/4.1/psoc creator/import/gnu/arm/5.4.1/bin/../lib/gcc/arm-none-eabi/5.4.1/armv7-m/crtend.o
 *(.got.plt)
 *(.got)
 *(.shdata)
 *(.data .data.* .gnu.linkonce.d.*)
 .data          0x1fff80cc        0x4 .\CortexM3\ARM_GCC_541\Debug\Cm3Start.o
 .data          0x1fff80d0       0x10 .\CortexM3\ARM_GCC_541\Debug\DS ADC to UART.a(CyLib.o)
                0x1fff80d0                cydelay_32k_ms
                0x1fff80d4                cydelay_freq_khz
                0x1fff80d8                cydelay_freq_mhz
                0x1fff80dc                cydelay_freq_hz
 .data          0x1fff80e0        0x1 .\CortexM3\ARM_GCC_541\Debug\DS ADC to UART.a(adc.o)
                0x1fff80e0                adc_Config
 *fill*         0x1fff80e1        0x3 
 .data.impure_data
                0x1fff80e4       0x60 c:/program files (x86)/cypress/psoc creator/4.1/psoc creator/import/gnu/arm/5.4.1/bin/../lib/gcc/arm-none-eabi/5.4.1/../../../../arm-none-eabi/lib/armv7-m\libg_nano.a(lib_a-impure.o)
 .data._impure_ptr
                0x1fff8144        0x4 c:/program files (x86)/cypress/psoc creator/4.1/psoc creator/import/gnu/arm/5.4.1/bin/../lib/gcc/arm-none-eabi/5.4.1/../../../../arm-none-eabi/lib/armv7-m\libg_nano.a(lib_a-impure.o)
                0x1fff8144                _impure_ptr
                0x1fff8148                . = ALIGN (0x8)
 *(.ram)
                0x1fff8148                _edata = .

.igot.plt       0x1fff8148        0x0 load address 0x00001728
 .igot.plt      0x1fff8148        0x0 c:/program files (x86)/cypress/psoc creator/4.1/psoc creator/import/gnu/arm/5.4.1/bin/../lib/gcc/arm-none-eabi/5.4.1/armv7-m/crtbegin.o

.bss            0x1fff8148       0x40 load address 0x00001728
                0x1fff8148                PROVIDE (__bss_start__, .)
 *(.shbss)
 *(.bss .bss.* .gnu.linkonce.b.*)
 .bss           0x1fff8148       0x1c c:/program files (x86)/cypress/psoc creator/4.1/psoc creator/import/gnu/arm/5.4.1/bin/../lib/gcc/arm-none-eabi/5.4.1/armv7-m/crtbegin.o
 .bss           0x1fff8164        0x4 .\CortexM3\ARM_GCC_541\Debug\main.o
                0x1fff8164                _millis
 .bss           0x1fff8168        0x8 .\CortexM3\ARM_GCC_541\Debug\DS ADC to UART.a(adc.o)
                0x1fff816c                adc_stopConversion
                0x1fff816d                adc_convDone
                0x1fff816e                adc_initVar
                0x1fff816f                adc_started
 .bss           0x1fff8170        0x2 .\CortexM3\ARM_GCC_541\Debug\DS ADC to UART.a(UART.o)
                0x1fff8170                UART_initVar
 *fill*         0x1fff8172        0x2 
 .bss.__malloc_sbrk_start
                0x1fff8174        0x4 c:/program files (x86)/cypress/psoc creator/4.1/psoc creator/import/gnu/arm/5.4.1/bin/../lib/gcc/arm-none-eabi/5.4.1/../../../../arm-none-eabi/lib/armv7-m\libg_nano.a(lib_a-nano-mallocr.o)
                0x1fff8174                __malloc_sbrk_start
 .bss.__malloc_free_list
                0x1fff8178        0x4 c:/program files (x86)/cypress/psoc creator/4.1/psoc creator/import/gnu/arm/5.4.1/bin/../lib/gcc/arm-none-eabi/5.4.1/../../../../arm-none-eabi/lib/armv7-m\libg_nano.a(lib_a-nano-mallocr.o)
                0x1fff8178                __malloc_free_list
 *(COMMON)
 COMMON         0x1fff817c        0x8 .\CortexM3\ARM_GCC_541\Debug\DS ADC to UART.a(adc.o)
                0x1fff817c                adc_CountsPerVolt
                0x1fff8180                adc_Offset
 COMMON         0x1fff8184        0x4 c:/program files (x86)/cypress/psoc creator/4.1/psoc creator/import/gnu/arm/5.4.1/bin/../lib/gcc/arm-none-eabi/5.4.1/../../../../arm-none-eabi/lib/armv7-m\libg_nano.a(lib_a-reent.o)
                0x1fff8184                errno
                0x1fff8188                . = ALIGN (0x8)
 *(.ram.b)
                0x1fff8188                _end = .
                0x1fff8188                __end = .
                0x1fff8188                PROVIDE (end, .)
                0x1fff8188                PROVIDE (__bss_end__, .)
                0x000016a8                __cy_region_init_ram = LOADADDR (.data)
                0x00000080                __cy_region_init_size_ram = (_edata - ADDR (.data))
                0x00000040                __cy_region_zero_size_ram = (_end - _edata)

.heap           0x1fff8188       0x80 load address 0x00001728
                0x1fff8188                . = _end
                0x1fff8208                . = (. + 0x80)
 *fill*         0x1fff8188       0x80 
                0x1fff8208                __cy_heap_limit = .

.stack          0x20007800      0x800
                0x20007800                __cy_stack_limit = .
                0x20008000                . = (. + 0x800)
 *fill*         0x20007800      0x800 
                0x00000001                ASSERT ((__cy_stack_limit >= __cy_heap_limit), region RAM overflowed with stack)
                0x00000000                cy_checksum_exclude_size = (CY_APPL_LOADABLE == 0x1)?SIZEOF (.cy_checksum_exclude):0x0
                0x00000001                ASSERT ((cy_checksum_exclude_size <= CY_CHECKSUM_EXCLUDE_SIZE), CY_BOOT: Section .cy_checksum_exclude size exceedes specified limit.)

.cyloadermeta
 *(.cyloadermeta)

.cyloadablemeta
 *(.cyloadablemeta)

.cyconfigecc    0x80000000      0x43c
 *(.cyconfigecc)
 .cyconfigecc   0x80000000      0x43c .\CortexM3\ARM_GCC_541\Debug\cymetadata.o
                0x80000000                cy_meta_configecc

.cycustnvl      0x90000000        0x4
 *(.cycustnvl)
 .cycustnvl     0x90000000        0x4 .\CortexM3\ARM_GCC_541\Debug\cymetadata.o
                0x90000000                cy_meta_custnvl

.cywolatch      0x90100000        0x4
 *(.cywolatch)
 .cywolatch     0x90100000        0x4 .\CortexM3\ARM_GCC_541\Debug\cymetadata.o
                0x90100000                cy_meta_wonvl

.cyeeprom       0x90200000        0x0
 *(.cyeeprom)
                0x00000001                ASSERT ((. <= ((0x90200000 + ee_offset) + ee_size)), .cyeeprom data will not fit in EEPROM)

.cyflashprotect
                0x90400000      0x100
 *(.cyflashprotect)
 .cyflashprotect
                0x90400000      0x100 .\CortexM3\ARM_GCC_541\Debug\cymetadata.o
                0x90400000                cy_meta_flashprotect

.cymeta         0x90500000        0xc
 *(.cymeta)
 .cymeta        0x90500000        0xc .\CortexM3\ARM_GCC_541\Debug\cymetadata.o
                0x90500000                cy_metadata

.rel.dyn        0x00001728        0x0 load address 0x9050000c
 .rel.iplt      0x00001728        0x0 c:/program files (x86)/cypress/psoc creator/4.1/psoc creator/import/gnu/arm/5.4.1/bin/../lib/gcc/arm-none-eabi/5.4.1/armv7-m/crtbegin.o

.stab
 *(.stab)

.stabstr
 *(.stabstr)

.debug
 *(.debug)

.line
 *(.line)

.debug_srcinfo
 *(.debug_srcinfo)

.debug_sfnames
 *(.debug_sfnames)

.debug_aranges  0x00000000      0x928
 *(.debug_aranges)
 .debug_aranges
                0x00000000       0x30 .\CortexM3\ARM_GCC_541\Debug\main.o
 .debug_aranges
                0x00000030       0x58 .\CortexM3\ARM_GCC_541\Debug\cyfitter_cfg.o
 .debug_aranges
                0x00000088       0x18 .\CortexM3\ARM_GCC_541\Debug\cymetadata.o
 .debug_aranges
                0x000000a0       0x48 .\CortexM3\ARM_GCC_541\Debug\Cm3Start.o
 .debug_aranges
                0x000000e8       0x80 .\CortexM3\ARM_GCC_541\Debug\DS ADC to UART.a(millis_interrupt.o)
 .debug_aranges
                0x00000168      0x2a0 .\CortexM3\ARM_GCC_541\Debug\DS ADC to UART.a(CyLib.o)
 .debug_aranges
                0x00000408       0x98 .\CortexM3\ARM_GCC_541\Debug\DS ADC to UART.a(cyPm.o)
 .debug_aranges
                0x000004a0       0xe8 .\CortexM3\ARM_GCC_541\Debug\DS ADC to UART.a(adc.o)
 .debug_aranges
                0x00000588       0x38 .\CortexM3\ARM_GCC_541\Debug\DS ADC to UART.a(adc_INT.o)
 .debug_aranges
                0x000005c0       0xf0 .\CortexM3\ARM_GCC_541\Debug\DS ADC to UART.a(UART.o)
 .debug_aranges
                0x000006b0       0x70 .\CortexM3\ARM_GCC_541\Debug\DS ADC to UART.a(adc_Ext_CP_Clk.o)
 .debug_aranges
                0x00000720       0x80 .\CortexM3\ARM_GCC_541\Debug\DS ADC to UART.a(adc_theACLK.o)
 .debug_aranges
                0x000007a0       0x70 .\CortexM3\ARM_GCC_541\Debug\DS ADC to UART.a(UART_IntClock.o)
 .debug_aranges
                0x00000810       0x20 .\CortexM3\ARM_GCC_541\Debug\DS ADC to UART.a(CyBootAsmGnu.o)
 .debug_aranges
                0x00000830       0x80 .\CortexM3\ARM_GCC_541\Debug\DS ADC to UART.a(CyFlash.o)
 .debug_aranges
                0x000008b0       0x78 .\CortexM3\ARM_GCC_541\Debug\DS ADC to UART.a(CySpc.o)

.debug_pubnames
 *(.debug_pubnames)

.debug_info     0x00000000     0x5174
 *(.debug_info .gnu.linkonce.wi.*)
 .debug_info    0x00000000      0x280 .\CortexM3\ARM_GCC_541\Debug\main.o
 .debug_info    0x00000280      0x5ce .\CortexM3\ARM_GCC_541\Debug\cyfitter_cfg.o
 .debug_info    0x0000084e      0x135 .\CortexM3\ARM_GCC_541\Debug\cymetadata.o
 .debug_info    0x00000983      0x3b5 .\CortexM3\ARM_GCC_541\Debug\Cm3Start.o
 .debug_info    0x00000d38      0x2d2 .\CortexM3\ARM_GCC_541\Debug\DS ADC to UART.a(millis_interrupt.o)
 .debug_info    0x0000100a     0x1374 .\CortexM3\ARM_GCC_541\Debug\DS ADC to UART.a(CyLib.o)
 .debug_info    0x0000237e      0xa1d .\CortexM3\ARM_GCC_541\Debug\DS ADC to UART.a(cyPm.o)
 .debug_info    0x00002d9b      0x9ff .\CortexM3\ARM_GCC_541\Debug\DS ADC to UART.a(adc.o)
 .debug_info    0x0000379a       0xd3 .\CortexM3\ARM_GCC_541\Debug\DS ADC to UART.a(adc_INT.o)
 .debug_info    0x0000386d      0x60c .\CortexM3\ARM_GCC_541\Debug\DS ADC to UART.a(UART.o)
 .debug_info    0x00003e79      0x283 .\CortexM3\ARM_GCC_541\Debug\DS ADC to UART.a(adc_Ext_CP_Clk.o)
 .debug_info    0x000040fc      0x2c4 .\CortexM3\ARM_GCC_541\Debug\DS ADC to UART.a(adc_theACLK.o)
 .debug_info    0x000043c0      0x283 .\CortexM3\ARM_GCC_541\Debug\DS ADC to UART.a(UART_IntClock.o)
 .debug_info    0x00004643       0x90 .\CortexM3\ARM_GCC_541\Debug\DS ADC to UART.a(CyBootAsmGnu.o)
 .debug_info    0x000046d3      0x5b8 .\CortexM3\ARM_GCC_541\Debug\DS ADC to UART.a(CyFlash.o)
 .debug_info    0x00004c8b      0x4e9 .\CortexM3\ARM_GCC_541\Debug\DS ADC to UART.a(CySpc.o)

.debug_abbrev   0x00000000     0x1570
 *(.debug_abbrev)
 .debug_abbrev  0x00000000      0x14c .\CortexM3\ARM_GCC_541\Debug\main.o
 .debug_abbrev  0x0000014c      0x20d .\CortexM3\ARM_GCC_541\Debug\cyfitter_cfg.o
 .debug_abbrev  0x00000359       0x66 .\CortexM3\ARM_GCC_541\Debug\cymetadata.o
 .debug_abbrev  0x000003bf      0x1e8 .\CortexM3\ARM_GCC_541\Debug\Cm3Start.o
 .debug_abbrev  0x000005a7      0x173 .\CortexM3\ARM_GCC_541\Debug\DS ADC to UART.a(millis_interrupt.o)
 .debug_abbrev  0x0000071a      0x254 .\CortexM3\ARM_GCC_541\Debug\DS ADC to UART.a(CyLib.o)
 .debug_abbrev  0x0000096e      0x1ab .\CortexM3\ARM_GCC_541\Debug\DS ADC to UART.a(cyPm.o)
 .debug_abbrev  0x00000b19      0x1cd .\CortexM3\ARM_GCC_541\Debug\DS ADC to UART.a(adc.o)
 .debug_abbrev  0x00000ce6       0x42 .\CortexM3\ARM_GCC_541\Debug\DS ADC to UART.a(adc_INT.o)
 .debug_abbrev  0x00000d28      0x175 .\CortexM3\ARM_GCC_541\Debug\DS ADC to UART.a(UART.o)
 .debug_abbrev  0x00000e9d      0x139 .\CortexM3\ARM_GCC_541\Debug\DS ADC to UART.a(adc_Ext_CP_Clk.o)
 .debug_abbrev  0x00000fd6      0x121 .\CortexM3\ARM_GCC_541\Debug\DS ADC to UART.a(adc_theACLK.o)
 .debug_abbrev  0x000010f7      0x139 .\CortexM3\ARM_GCC_541\Debug\DS ADC to UART.a(UART_IntClock.o)
 .debug_abbrev  0x00001230       0x14 .\CortexM3\ARM_GCC_541\Debug\DS ADC to UART.a(CyBootAsmGnu.o)
 .debug_abbrev  0x00001244      0x198 .\CortexM3\ARM_GCC_541\Debug\DS ADC to UART.a(CyFlash.o)
 .debug_abbrev  0x000013dc      0x194 .\CortexM3\ARM_GCC_541\Debug\DS ADC to UART.a(CySpc.o)

.debug_line     0x00000000     0x2413
 *(.debug_line)
 .debug_line    0x00000000      0x238 .\CortexM3\ARM_GCC_541\Debug\main.o
 .debug_line    0x00000238      0x201 .\CortexM3\ARM_GCC_541\Debug\cyfitter_cfg.o
 .debug_line    0x00000439      0x141 .\CortexM3\ARM_GCC_541\Debug\cymetadata.o
 .debug_line    0x0000057a      0x234 .\CortexM3\ARM_GCC_541\Debug\Cm3Start.o
 .debug_line    0x000007ae      0x13d .\CortexM3\ARM_GCC_541\Debug\DS ADC to UART.a(millis_interrupt.o)
 .debug_line    0x000008eb      0x816 .\CortexM3\ARM_GCC_541\Debug\DS ADC to UART.a(CyLib.o)
 .debug_line    0x00001101      0x364 .\CortexM3\ARM_GCC_541\Debug\DS ADC to UART.a(cyPm.o)
 .debug_line    0x00001465      0x351 .\CortexM3\ARM_GCC_541\Debug\DS ADC to UART.a(adc.o)
 .debug_line    0x000017b6       0x80 .\CortexM3\ARM_GCC_541\Debug\DS ADC to UART.a(adc_INT.o)
 .debug_line    0x00001836      0x2bc .\CortexM3\ARM_GCC_541\Debug\DS ADC to UART.a(UART.o)
 .debug_line    0x00001af2      0x17d .\CortexM3\ARM_GCC_541\Debug\DS ADC to UART.a(adc_Ext_CP_Clk.o)
 .debug_line    0x00001c6f      0x19d .\CortexM3\ARM_GCC_541\Debug\DS ADC to UART.a(adc_theACLK.o)
 .debug_line    0x00001e0c      0x17c .\CortexM3\ARM_GCC_541\Debug\DS ADC to UART.a(UART_IntClock.o)
 .debug_line    0x00001f88       0x66 .\CortexM3\ARM_GCC_541\Debug\DS ADC to UART.a(CyBootAsmGnu.o)
 .debug_line    0x00001fee      0x1e9 .\CortexM3\ARM_GCC_541\Debug\DS ADC to UART.a(CyFlash.o)
 .debug_line    0x000021d7      0x23c .\CortexM3\ARM_GCC_541\Debug\DS ADC to UART.a(CySpc.o)

.debug_frame    0x00000000     0x1ad4
 *(.debug_frame)
 .debug_frame   0x00000000       0x5c .\CortexM3\ARM_GCC_541\Debug\main.o
 .debug_frame   0x0000005c       0xe4 .\CortexM3\ARM_GCC_541\Debug\cyfitter_cfg.o
 .debug_frame   0x00000140       0xb8 .\CortexM3\ARM_GCC_541\Debug\Cm3Start.o
 .debug_frame   0x000001f8      0x104 .\CortexM3\ARM_GCC_541\Debug\DS ADC to UART.a(millis_interrupt.o)
 .debug_frame   0x000002fc      0x738 .\CortexM3\ARM_GCC_541\Debug\DS ADC to UART.a(CyLib.o)
 .debug_frame   0x00000a34      0x1f8 .\CortexM3\ARM_GCC_541\Debug\DS ADC to UART.a(cyPm.o)
 .debug_frame   0x00000c2c      0x28c .\CortexM3\ARM_GCC_541\Debug\DS ADC to UART.a(adc.o)
 .debug_frame   0x00000eb8       0x50 .\CortexM3\ARM_GCC_541\Debug\DS ADC to UART.a(adc_INT.o)
 .debug_frame   0x00000f08      0x250 .\CortexM3\ARM_GCC_541\Debug\DS ADC to UART.a(UART.o)
 .debug_frame   0x00001158       0xe0 .\CortexM3\ARM_GCC_541\Debug\DS ADC to UART.a(adc_Ext_CP_Clk.o)
 .debug_frame   0x00001238      0x100 .\CortexM3\ARM_GCC_541\Debug\DS ADC to UART.a(adc_theACLK.o)
 .debug_frame   0x00001338       0xe0 .\CortexM3\ARM_GCC_541\Debug\DS ADC to UART.a(UART_IntClock.o)
 .debug_frame   0x00001418      0x174 .\CortexM3\ARM_GCC_541\Debug\DS ADC to UART.a(CyFlash.o)
 .debug_frame   0x0000158c      0x160 .\CortexM3\ARM_GCC_541\Debug\DS ADC to UART.a(CySpc.o)
 .debug_frame   0x000016ec       0x20 c:/program files (x86)/cypress/psoc creator/4.1/psoc creator/import/gnu/arm/5.4.1/bin/../lib/gcc/arm-none-eabi/5.4.1/../../../../arm-none-eabi/lib/armv7-m\libg_nano.a(lib_a-errno.o)
 .debug_frame   0x0000170c       0x28 c:/program files (x86)/cypress/psoc creator/4.1/psoc creator/import/gnu/arm/5.4.1/bin/../lib/gcc/arm-none-eabi/5.4.1/../../../../arm-none-eabi/lib/armv7-m\libg_nano.a(lib_a-exit.o)
 .debug_frame   0x00001734       0x2c c:/program files (x86)/cypress/psoc creator/4.1/psoc creator/import/gnu/arm/5.4.1/bin/../lib/gcc/arm-none-eabi/5.4.1/../../../../arm-none-eabi/lib/armv7-m\libg_nano.a(lib_a-init.o)
 .debug_frame   0x00001760       0x28 c:/program files (x86)/cypress/psoc creator/4.1/psoc creator/import/gnu/arm/5.4.1/bin/../lib/gcc/arm-none-eabi/5.4.1/../../../../arm-none-eabi/lib/armv7-m\libg_nano.a(lib_a-memcpy-stub.o)
 .debug_frame   0x00001788       0x20 c:/program files (x86)/cypress/psoc creator/4.1/psoc creator/import/gnu/arm/5.4.1/bin/../lib/gcc/arm-none-eabi/5.4.1/../../../../arm-none-eabi/lib/armv7-m\libg_nano.a(lib_a-memset.o)
 .debug_frame   0x000017a8       0x74 c:/program files (x86)/cypress/psoc creator/4.1/psoc creator/import/gnu/arm/5.4.1/bin/../lib/gcc/arm-none-eabi/5.4.1/../../../../arm-none-eabi/lib/armv7-m\libg_nano.a(lib_a-snprintf.o)
 .debug_frame   0x0000181c       0x90 c:/program files (x86)/cypress/psoc creator/4.1/psoc creator/import/gnu/arm/5.4.1/bin/../lib/gcc/arm-none-eabi/5.4.1/../../../../arm-none-eabi/lib/armv7-m\libg_nano.a(lib_a-nano-svfprintf.o)
 .debug_frame   0x000018ac       0x60 c:/program files (x86)/cypress/psoc creator/4.1/psoc creator/import/gnu/arm/5.4.1/bin/../lib/gcc/arm-none-eabi/5.4.1/../../../../arm-none-eabi/lib/armv7-m\libg_nano.a(lib_a-nano-vfprintf_i.o)
 .debug_frame   0x0000190c       0x28 c:/program files (x86)/cypress/psoc creator/4.1/psoc creator/import/gnu/arm/5.4.1/bin/../lib/gcc/arm-none-eabi/5.4.1/../../../../arm-none-eabi/lib/armv7-m\libg_nano.a(lib_a-memchr-stub.o)
 .debug_frame   0x00001934       0x28 c:/program files (x86)/cypress/psoc creator/4.1/psoc creator/import/gnu/arm/5.4.1/bin/../lib/gcc/arm-none-eabi/5.4.1/../../../../arm-none-eabi/lib/armv7-m\libg_nano.a(lib_a-memmove.o)
 .debug_frame   0x0000195c       0x38 c:/program files (x86)/cypress/psoc creator/4.1/psoc creator/import/gnu/arm/5.4.1/bin/../lib/gcc/arm-none-eabi/5.4.1/../../../../arm-none-eabi/lib/armv7-m\libg_nano.a(lib_a-nano-freer.o)
 .debug_frame   0x00001994       0x2c c:/program files (x86)/cypress/psoc creator/4.1/psoc creator/import/gnu/arm/5.4.1/bin/../lib/gcc/arm-none-eabi/5.4.1/../../../../arm-none-eabi/lib/armv7-m\libg_nano.a(lib_a-nano-mallocr.o)
 .debug_frame   0x000019c0       0x3c c:/program files (x86)/cypress/psoc creator/4.1/psoc creator/import/gnu/arm/5.4.1/bin/../lib/gcc/arm-none-eabi/5.4.1/../../../../arm-none-eabi/lib/armv7-m\libg_nano.a(lib_a-nano-reallocr.o)
 .debug_frame   0x000019fc       0x2c c:/program files (x86)/cypress/psoc creator/4.1/psoc creator/import/gnu/arm/5.4.1/bin/../lib/gcc/arm-none-eabi/5.4.1/../../../../arm-none-eabi/lib/armv7-m\libg_nano.a(lib_a-sbrkr.o)
 .debug_frame   0x00001a28       0x30 c:/program files (x86)/cypress/psoc creator/4.1/psoc creator/import/gnu/arm/5.4.1/bin/../lib/gcc/arm-none-eabi/5.4.1/../../../../arm-none-eabi/lib/armv7-m\libg_nano.a(lib_a-mlock.o)
 .debug_frame   0x00001a58       0x20 c:/program files (x86)/cypress/psoc creator/4.1/psoc creator/import/gnu/arm/5.4.1/bin/../lib/gcc/arm-none-eabi/5.4.1/../../../../arm-none-eabi/lib/armv7-m\libg_nano.a(lib_a-nano-msizer.o)
 .debug_frame   0x00001a78       0x5c c:/program files (x86)/cypress/psoc creator/4.1/psoc creator/import/gnu/arm/5.4.1/bin/../lib/gcc/arm-none-eabi/5.4.1/../../../../arm-none-eabi/lib/armv7-m\libg_nano.a(lib_a-reent.o)

.debug_str      0x00000000     0x1ec2
 *(.debug_str)
 .debug_str     0x00000000      0x228 .\CortexM3\ARM_GCC_541\Debug\main.o
                                0x277 (size before relaxing)
 .debug_str     0x00000228      0x1b5 .\CortexM3\ARM_GCC_541\Debug\cyfitter_cfg.o
                                0x344 (size before relaxing)
 .debug_str     0x000003dd       0x7f .\CortexM3\ARM_GCC_541\Debug\cymetadata.o
                                0x1e4 (size before relaxing)
 .debug_str     0x0000045c      0x144 .\CortexM3\ARM_GCC_541\Debug\Cm3Start.o
                                0x30a (size before relaxing)
 .debug_str     0x000005a0      0x161 .\CortexM3\ARM_GCC_541\Debug\DS ADC to UART.a(millis_interrupt.o)
                                0x340 (size before relaxing)
 .debug_str     0x00000701      0x83c .\CortexM3\ARM_GCC_541\Debug\DS ADC to UART.a(CyLib.o)
                                0xa47 (size before relaxing)
 .debug_str     0x00000f3d      0x359 .\CortexM3\ARM_GCC_541\Debug\DS ADC to UART.a(cyPm.o)
                                0x727 (size before relaxing)
 .debug_str     0x00001296      0x337 .\CortexM3\ARM_GCC_541\Debug\DS ADC to UART.a(adc.o)
                                0x5b9 (size before relaxing)
 .debug_str     0x000015cd       0x45 .\CortexM3\ARM_GCC_541\Debug\DS ADC to UART.a(adc_INT.o)
                                0x1c0 (size before relaxing)
 .debug_str     0x00001612      0x274 .\CortexM3\ARM_GCC_541\Debug\DS ADC to UART.a(UART.o)
                                0x475 (size before relaxing)
 .debug_str     0x00001886      0x16d .\CortexM3\ARM_GCC_541\Debug\DS ADC to UART.a(adc_Ext_CP_Clk.o)
                                0x342 (size before relaxing)
 .debug_str     0x000019f3      0x14f .\CortexM3\ARM_GCC_541\Debug\DS ADC to UART.a(adc_theACLK.o)
                                0x361 (size before relaxing)
 .debug_str     0x00001b42      0x138 .\CortexM3\ARM_GCC_541\Debug\DS ADC to UART.a(UART_IntClock.o)
                                0x336 (size before relaxing)
 .debug_str     0x00001c7a      0x19c .\CortexM3\ARM_GCC_541\Debug\DS ADC to UART.a(CyFlash.o)
                                0x3a1 (size before relaxing)
 .debug_str     0x00001e16       0xac .\CortexM3\ARM_GCC_541\Debug\DS ADC to UART.a(CySpc.o)
                                0x32a (size before relaxing)

.debug_loc      0x00000000     0x264e
 *(.debug_loc)
 .debug_loc     0x00000000       0x49 .\CortexM3\ARM_GCC_541\Debug\main.o
 .debug_loc     0x00000049      0x288 .\CortexM3\ARM_GCC_541\Debug\cyfitter_cfg.o
 .debug_loc     0x000002d1      0x144 .\CortexM3\ARM_GCC_541\Debug\Cm3Start.o
 .debug_loc     0x00000415       0x56 .\CortexM3\ARM_GCC_541\Debug\DS ADC to UART.a(millis_interrupt.o)
 .debug_loc     0x0000046b      0xa11 .\CortexM3\ARM_GCC_541\Debug\DS ADC to UART.a(CyLib.o)
 .debug_loc     0x00000e7c      0x1e4 .\CortexM3\ARM_GCC_541\Debug\DS ADC to UART.a(cyPm.o)
 .debug_loc     0x00001060      0x6b6 .\CortexM3\ARM_GCC_541\Debug\DS ADC to UART.a(adc.o)
 .debug_loc     0x00001716      0x258 .\CortexM3\ARM_GCC_541\Debug\DS ADC to UART.a(UART.o)
 .debug_loc     0x0000196e      0x12c .\CortexM3\ARM_GCC_541\Debug\DS ADC to UART.a(adc_Ext_CP_Clk.o)
 .debug_loc     0x00001a9a      0x14d .\CortexM3\ARM_GCC_541\Debug\DS ADC to UART.a(adc_theACLK.o)
 .debug_loc     0x00001be7      0x128 .\CortexM3\ARM_GCC_541\Debug\DS ADC to UART.a(UART_IntClock.o)
 .debug_loc     0x00001d0f      0x2f2 .\CortexM3\ARM_GCC_541\Debug\DS ADC to UART.a(CyFlash.o)
 .debug_loc     0x00002001      0x64d .\CortexM3\ARM_GCC_541\Debug\DS ADC to UART.a(CySpc.o)

.debug_macinfo
 *(.debug_macinfo)

.debug_ranges   0x00000000      0x810
 *(.debug_ranges)
 .debug_ranges  0x00000000       0x20 .\CortexM3\ARM_GCC_541\Debug\main.o
 .debug_ranges  0x00000020       0x48 .\CortexM3\ARM_GCC_541\Debug\cyfitter_cfg.o
 .debug_ranges  0x00000068       0x38 .\CortexM3\ARM_GCC_541\Debug\Cm3Start.o
 .debug_ranges  0x000000a0       0x70 .\CortexM3\ARM_GCC_541\Debug\DS ADC to UART.a(millis_interrupt.o)
 .debug_ranges  0x00000110      0x290 .\CortexM3\ARM_GCC_541\Debug\DS ADC to UART.a(CyLib.o)
 .debug_ranges  0x000003a0       0x88 .\CortexM3\ARM_GCC_541\Debug\DS ADC to UART.a(cyPm.o)
 .debug_ranges  0x00000428       0xd8 .\CortexM3\ARM_GCC_541\Debug\DS ADC to UART.a(adc.o)
 .debug_ranges  0x00000500       0x28 .\CortexM3\ARM_GCC_541\Debug\DS ADC to UART.a(adc_INT.o)
 .debug_ranges  0x00000528       0xe0 .\CortexM3\ARM_GCC_541\Debug\DS ADC to UART.a(UART.o)
 .debug_ranges  0x00000608       0x60 .\CortexM3\ARM_GCC_541\Debug\DS ADC to UART.a(adc_Ext_CP_Clk.o)
 .debug_ranges  0x00000668       0x70 .\CortexM3\ARM_GCC_541\Debug\DS ADC to UART.a(adc_theACLK.o)
 .debug_ranges  0x000006d8       0x60 .\CortexM3\ARM_GCC_541\Debug\DS ADC to UART.a(UART_IntClock.o)
 .debug_ranges  0x00000738       0x70 .\CortexM3\ARM_GCC_541\Debug\DS ADC to UART.a(CyFlash.o)
 .debug_ranges  0x000007a8       0x68 .\CortexM3\ARM_GCC_541\Debug\DS ADC to UART.a(CySpc.o)

.comment        0x00000000       0x6e
 .comment       0x00000000       0x6e .\CortexM3\ARM_GCC_541\Debug\main.o
                                 0x6f (size before relaxing)
 .comment       0x0000006e       0x6f .\CortexM3\ARM_GCC_541\Debug\cyfitter_cfg.o
 .comment       0x0000006e       0x6f .\CortexM3\ARM_GCC_541\Debug\cymetadata.o
 .comment       0x0000006e       0x6f .\CortexM3\ARM_GCC_541\Debug\Cm3Start.o
 .comment       0x0000006e       0x6f .\CortexM3\ARM_GCC_541\Debug\DS ADC to UART.a(millis_interrupt.o)
 .comment       0x0000006e       0x6f .\CortexM3\ARM_GCC_541\Debug\DS ADC to UART.a(CyLib.o)
 .comment       0x0000006e       0x6f .\CortexM3\ARM_GCC_541\Debug\DS ADC to UART.a(cyPm.o)
 .comment       0x0000006e       0x6f .\CortexM3\ARM_GCC_541\Debug\DS ADC to UART.a(adc.o)
 .comment       0x0000006e       0x6f .\CortexM3\ARM_GCC_541\Debug\DS ADC to UART.a(adc_INT.o)
 .comment       0x0000006e       0x6f .\CortexM3\ARM_GCC_541\Debug\DS ADC to UART.a(UART.o)
 .comment       0x0000006e       0x6f .\CortexM3\ARM_GCC_541\Debug\DS ADC to UART.a(adc_Ext_CP_Clk.o)
 .comment       0x0000006e       0x6f .\CortexM3\ARM_GCC_541\Debug\DS ADC to UART.a(adc_theACLK.o)
 .comment       0x0000006e       0x6f .\CortexM3\ARM_GCC_541\Debug\DS ADC to UART.a(UART_IntClock.o)
 .comment       0x0000006e       0x6f .\CortexM3\ARM_GCC_541\Debug\DS ADC to UART.a(CyFlash.o)
 .comment       0x0000006e       0x6f .\CortexM3\ARM_GCC_541\Debug\DS ADC to UART.a(CySpc.o)

.debug_weaknames
 *(.debug_weaknames)

.debug_funcnames
 *(.debug_funcnames)

.debug_typenames
 *(.debug_typenames)

.debug_varnames
 *(.debug_varnames)

.note.gnu.arm.ident
 *(.note.gnu.arm.ident)

.ARM.attributes
                0x00000000       0x29
 *(.ARM.attributes)
 .ARM.attributes
                0x00000000       0x1d c:/program files (x86)/cypress/psoc creator/4.1/psoc creator/import/gnu/arm/5.4.1/bin/../lib/gcc/arm-none-eabi/5.4.1/armv7-m/crti.o
 .ARM.attributes
                0x0000001d       0x2d c:/program files (x86)/cypress/psoc creator/4.1/psoc creator/import/gnu/arm/5.4.1/bin/../lib/gcc/arm-none-eabi/5.4.1/armv7-m/crtbegin.o
 .ARM.attributes
                0x0000004a       0x1b c:/program files (x86)/cypress/psoc creator/4.1/psoc creator/import/gnu/arm/5.4.1/bin/../lib/gcc/arm-none-eabi/5.4.1/../../../../arm-none-eabi/lib/armv7-m/crt0.o
 .ARM.attributes
                0x00000065       0x33 .\CortexM3\ARM_GCC_541\Debug\main.o
 .ARM.attributes
                0x00000098       0x33 .\CortexM3\ARM_GCC_541\Debug\cyfitter_cfg.o
 .ARM.attributes
                0x000000cb       0x33 .\CortexM3\ARM_GCC_541\Debug\cymetadata.o
 .ARM.attributes
                0x000000fe       0x33 .\CortexM3\ARM_GCC_541\Debug\Cm3Start.o
 .ARM.attributes
                0x00000131       0x33 .\CortexM3\ARM_GCC_541\Debug\DS ADC to UART.a(millis_interrupt.o)
 .ARM.attributes
                0x00000164       0x33 .\CortexM3\ARM_GCC_541\Debug\DS ADC to UART.a(CyLib.o)
 .ARM.attributes
                0x00000197       0x33 .\CortexM3\ARM_GCC_541\Debug\DS ADC to UART.a(cyPm.o)
 .ARM.attributes
                0x000001ca       0x33 .\CortexM3\ARM_GCC_541\Debug\DS ADC to UART.a(adc.o)
 .ARM.attributes
                0x000001fd       0x33 .\CortexM3\ARM_GCC_541\Debug\DS ADC to UART.a(adc_INT.o)
 .ARM.attributes
                0x00000230       0x33 .\CortexM3\ARM_GCC_541\Debug\DS ADC to UART.a(UART.o)
 .ARM.attributes
                0x00000263       0x33 .\CortexM3\ARM_GCC_541\Debug\DS ADC to UART.a(adc_Ext_CP_Clk.o)
 .ARM.attributes
                0x00000296       0x33 .\CortexM3\ARM_GCC_541\Debug\DS ADC to UART.a(adc_theACLK.o)
 .ARM.attributes
                0x000002c9       0x33 .\CortexM3\ARM_GCC_541\Debug\DS ADC to UART.a(UART_IntClock.o)
 .ARM.attributes
                0x000002fc       0x21 .\CortexM3\ARM_GCC_541\Debug\DS ADC to UART.a(CyBootAsmGnu.o)
 .ARM.attributes
                0x0000031d       0x33 .\CortexM3\ARM_GCC_541\Debug\DS ADC to UART.a(CyFlash.o)
 .ARM.attributes
                0x00000350       0x33 .\CortexM3\ARM_GCC_541\Debug\DS ADC to UART.a(CySpc.o)
 .ARM.attributes
                0x00000383       0x1d c:/program files (x86)/cypress/psoc creator/4.1/psoc creator/import/gnu/arm/5.4.1/bin/../lib/gcc/arm-none-eabi/5.4.1/armv7-m\libgcc.a(_arm_addsubdf3.o)
 .ARM.attributes
                0x000003a0       0x1d c:/program files (x86)/cypress/psoc creator/4.1/psoc creator/import/gnu/arm/5.4.1/bin/../lib/gcc/arm-none-eabi/5.4.1/armv7-m\libgcc.a(_arm_cmpdf2.o)
 .ARM.attributes
                0x000003bd       0x1d c:/program files (x86)/cypress/psoc creator/4.1/psoc creator/import/gnu/arm/5.4.1/bin/../lib/gcc/arm-none-eabi/5.4.1/armv7-m\libgcc.a(_arm_addsubsf3.o)
 .ARM.attributes
                0x000003da       0x1d c:/program files (x86)/cypress/psoc creator/4.1/psoc creator/import/gnu/arm/5.4.1/bin/../lib/gcc/arm-none-eabi/5.4.1/armv7-m\libgcc.a(_arm_muldivsf3.o)
 .ARM.attributes
                0x000003f7       0x1d c:/program files (x86)/cypress/psoc creator/4.1/psoc creator/import/gnu/arm/5.4.1/bin/../lib/gcc/arm-none-eabi/5.4.1/armv7-m\libgcc.a(_arm_fixunssfsi.o)
 .ARM.attributes
                0x00000414       0x2d c:/program files (x86)/cypress/psoc creator/4.1/psoc creator/import/gnu/arm/5.4.1/bin/../lib/gcc/arm-none-eabi/5.4.1/../../../../arm-none-eabi/lib/armv7-m\libg_nano.a(lib_a-errno.o)
 .ARM.attributes
                0x00000441       0x2d c:/program files (x86)/cypress/psoc creator/4.1/psoc creator/import/gnu/arm/5.4.1/bin/../lib/gcc/arm-none-eabi/5.4.1/../../../../arm-none-eabi/lib/armv7-m\libg_nano.a(lib_a-exit.o)
 .ARM.attributes
                0x0000046e       0x2d c:/program files (x86)/cypress/psoc creator/4.1/psoc creator/import/gnu/arm/5.4.1/bin/../lib/gcc/arm-none-eabi/5.4.1/../../../../arm-none-eabi/lib/armv7-m\libg_nano.a(lib_a-impure.o)
 .ARM.attributes
                0x0000049b       0x2d c:/program files (x86)/cypress/psoc creator/4.1/psoc creator/import/gnu/arm/5.4.1/bin/../lib/gcc/arm-none-eabi/5.4.1/../../../../arm-none-eabi/lib/armv7-m\libg_nano.a(lib_a-init.o)
 .ARM.attributes
                0x000004c8       0x2d c:/program files (x86)/cypress/psoc creator/4.1/psoc creator/import/gnu/arm/5.4.1/bin/../lib/gcc/arm-none-eabi/5.4.1/../../../../arm-none-eabi/lib/armv7-m\libg_nano.a(lib_a-memcpy-stub.o)
 .ARM.attributes
                0x000004f5       0x2d c:/program files (x86)/cypress/psoc creator/4.1/psoc creator/import/gnu/arm/5.4.1/bin/../lib/gcc/arm-none-eabi/5.4.1/../../../../arm-none-eabi/lib/armv7-m\libg_nano.a(lib_a-memset.o)
 .ARM.attributes
                0x00000522       0x2d c:/program files (x86)/cypress/psoc creator/4.1/psoc creator/import/gnu/arm/5.4.1/bin/../lib/gcc/arm-none-eabi/5.4.1/../../../../arm-none-eabi/lib/armv7-m\libg_nano.a(lib_a-snprintf.o)
 .ARM.attributes
                0x0000054f       0x2d c:/program files (x86)/cypress/psoc creator/4.1/psoc creator/import/gnu/arm/5.4.1/bin/../lib/gcc/arm-none-eabi/5.4.1/../../../../arm-none-eabi/lib/armv7-m\libg_nano.a(lib_a-nano-svfprintf.o)
 .ARM.attributes
                0x0000057c       0x2d c:/program files (x86)/cypress/psoc creator/4.1/psoc creator/import/gnu/arm/5.4.1/bin/../lib/gcc/arm-none-eabi/5.4.1/../../../../arm-none-eabi/lib/armv7-m\libg_nano.a(lib_a-nano-vfprintf_i.o)
 .ARM.attributes
                0x000005a9       0x2d c:/program files (x86)/cypress/psoc creator/4.1/psoc creator/import/gnu/arm/5.4.1/bin/../lib/gcc/arm-none-eabi/5.4.1/../../../../arm-none-eabi/lib/armv7-m\libg_nano.a(lib_a-memchr-stub.o)
 .ARM.attributes
                0x000005d6       0x2d c:/program files (x86)/cypress/psoc creator/4.1/psoc creator/import/gnu/arm/5.4.1/bin/../lib/gcc/arm-none-eabi/5.4.1/../../../../arm-none-eabi/lib/armv7-m\libg_nano.a(lib_a-memmove.o)
 .ARM.attributes
                0x00000603       0x2d c:/program files (x86)/cypress/psoc creator/4.1/psoc creator/import/gnu/arm/5.4.1/bin/../lib/gcc/arm-none-eabi/5.4.1/../../../../arm-none-eabi/lib/armv7-m\libg_nano.a(lib_a-nano-freer.o)
 .ARM.attributes
                0x00000630       0x2d c:/program files (x86)/cypress/psoc creator/4.1/psoc creator/import/gnu/arm/5.4.1/bin/../lib/gcc/arm-none-eabi/5.4.1/../../../../arm-none-eabi/lib/armv7-m\libg_nano.a(lib_a-nano-mallocr.o)
 .ARM.attributes
                0x0000065d       0x2d c:/program files (x86)/cypress/psoc creator/4.1/psoc creator/import/gnu/arm/5.4.1/bin/../lib/gcc/arm-none-eabi/5.4.1/../../../../arm-none-eabi/lib/armv7-m\libg_nano.a(lib_a-nano-reallocr.o)
 .ARM.attributes
                0x0000068a       0x2d c:/program files (x86)/cypress/psoc creator/4.1/psoc creator/import/gnu/arm/5.4.1/bin/../lib/gcc/arm-none-eabi/5.4.1/../../../../arm-none-eabi/lib/armv7-m\libg_nano.a(lib_a-sbrkr.o)
 .ARM.attributes
                0x000006b7       0x2d c:/program files (x86)/cypress/psoc creator/4.1/psoc creator/import/gnu/arm/5.4.1/bin/../lib/gcc/arm-none-eabi/5.4.1/../../../../arm-none-eabi/lib/armv7-m\libg_nano.a(lib_a-mlock.o)
 .ARM.attributes
                0x000006e4       0x2d c:/program files (x86)/cypress/psoc creator/4.1/psoc creator/import/gnu/arm/5.4.1/bin/../lib/gcc/arm-none-eabi/5.4.1/../../../../arm-none-eabi/lib/armv7-m\libg_nano.a(lib_a-nano-msizer.o)
 .ARM.attributes
                0x00000711       0x2d c:/program files (x86)/cypress/psoc creator/4.1/psoc creator/import/gnu/arm/5.4.1/bin/../lib/gcc/arm-none-eabi/5.4.1/../../../../arm-none-eabi/lib/armv7-m\libg_nano.a(lib_a-reent.o)
 .ARM.attributes
                0x0000073e       0x2d c:/program files (x86)/cypress/psoc creator/4.1/psoc creator/import/gnu/arm/5.4.1/bin/../lib/gcc/arm-none-eabi/5.4.1/armv7-m/crtend.o
 .ARM.attributes
                0x0000076b       0x1d c:/program files (x86)/cypress/psoc creator/4.1/psoc creator/import/gnu/arm/5.4.1/bin/../lib/gcc/arm-none-eabi/5.4.1/armv7-m/crtn.o

/DISCARD/
 *(.note.GNU-stack)
OUTPUT(C:\Ari\Rocketry\Porpellent testing code\PSOC\DS ADC to UART.cydsn\CortexM3\ARM_GCC_541\Debug\DS ADC to UART.elf elf32-littlearm)
